[    0.000000] Linux version 4.15.0-64-generic (buildd@lgw01-amd64-038) (gcc version 7.4.0 (Ubuntu 7.4.0-1ubuntu1~18.04.1)) #73-Ubuntu SMP Thu Sep 12 13:16:13 UTC 2019 (Ubuntu 4.15.0-64.73-generic 4.15.18)
[    0.000000] Command line: BOOT_IMAGE=/boot/vmlinuz-4.15.0-64-generic root=LABEL=cloudimg-rootfs ro console=tty1 console=ttyS0
[    0.000000] KERNEL supported cpus:
[    0.000000]   Intel GenuineIntel
[    0.000000]   AMD AuthenticAMD
[    0.000000]   Centaur CentaurHauls
[    0.000000] x86/fpu: Supporting XSAVE feature 0x001: 'x87 floating point registers'
[    0.000000] x86/fpu: Supporting XSAVE feature 0x002: 'SSE registers'
[    0.000000] x86/fpu: Supporting XSAVE feature 0x004: 'AVX registers'
[    0.000000] x86/fpu: xstate_offset[2]:  576, xstate_sizes[2]:  256
[    0.000000] x86/fpu: Enabled xstate features 0x7, context size is 832 bytes, using 'standard' format.
[    0.000000] e820: BIOS-provided physical RAM map:
[    0.000000] BIOS-e820: [mem 0x0000000000000000-0x000000000009fbff] usable
[    0.000000] BIOS-e820: [mem 0x000000000009fc00-0x000000000009ffff] reserved
[    0.000000] BIOS-e820: [mem 0x00000000000f0000-0x00000000000fffff] reserved
[    0.000000] BIOS-e820: [mem 0x0000000000100000-0x000000000ffeffff] usable
[    0.000000] BIOS-e820: [mem 0x000000000fff0000-0x000000000fffffff] ACPI data
[    0.000000] BIOS-e820: [mem 0x00000000fec00000-0x00000000fec00fff] reserved
[    0.000000] BIOS-e820: [mem 0x00000000fee00000-0x00000000fee00fff] reserved
[    0.000000] BIOS-e820: [mem 0x00000000fffc0000-0x00000000ffffffff] reserved
[    0.000000] NX (Execute Disable) protection: active
[    0.000000] SMBIOS 2.5 present.
[    0.000000] DMI: innotek GmbH VirtualBox/VirtualBox, BIOS VirtualBox 12/01/2006
[    0.000000] Hypervisor detected: KVM
[    0.000000] e820: last_pfn = 0xfff0 max_arch_pfn = 0x400000000
[    0.000000] MTRR: Disabled
[    0.000000] x86/PAT: MTRRs disabled, skipping PAT initialization too.
[    0.000000] CPU MTRRs all blank - virtualized system.
[    0.000000] x86/PAT: Configuration [0-7]: WB  WT  UC- UC  WB  WT  UC- UC  
[    0.000000] found SMP MP-table at [mem 0x0009fff0-0x0009ffff]
[    0.000000] Scanning 1 areas for low memory corruption
[    0.000000] RAMDISK: [mem 0x0db90000-0x0ee42fff]
[    0.000000] ACPI: Early table checksum verification disabled
[    0.000000] ACPI: RSDP 0x00000000000E0000 000024 (v02 VBOX  )
[    0.000000] ACPI: XSDT 0x000000000FFF0030 00003C (v01 VBOX   VBOXXSDT 00000001 ASL  00000061)
[    0.000000] ACPI: FACP 0x000000000FFF00F0 0000F4 (v04 VBOX   VBOXFACP 00000001 ASL  00000061)
[    0.000000] ACPI: DSDT 0x000000000FFF0470 0021FF (v02 VBOX   VBOXBIOS 00000002 INTL 20100528)
[    0.000000] ACPI: FACS 0x000000000FFF0200 000040
[    0.000000] ACPI: FACS 0x000000000FFF0200 000040
[    0.000000] ACPI: APIC 0x000000000FFF0240 000054 (v02 VBOX   VBOXAPIC 00000001 ASL  00000061)
[    0.000000] ACPI: SSDT 0x000000000FFF02A0 0001CC (v01 VBOX   VBOXCPUT 00000002 INTL 20100528)
[    0.000000] No NUMA configuration found
[    0.000000] Faking a node at [mem 0x0000000000000000-0x000000000ffeffff]
[    0.000000] NODE_DATA(0) allocated [mem 0x0ffc5000-0x0ffeffff]
[    0.000000] kvm-clock: cpu 0, msr 0:ff44001, primary cpu clock
[    0.000000] kvm-clock: Using msrs 4b564d01 and 4b564d00
[    0.000000] kvm-clock: using sched offset of 6044506806 cycles
[    0.000000] clocksource: kvm-clock: mask: 0xffffffffffffffff max_cycles: 0x1cd42e4dffb, max_idle_ns: 881590591483 ns
[    0.000000] Zone ranges:
[    0.000000]   DMA      [mem 0x0000000000001000-0x0000000000ffffff]
[    0.000000]   DMA32    [mem 0x0000000001000000-0x000000000ffeffff]
[    0.000000]   Normal   empty
[    0.000000]   Device   empty
[    0.000000] Movable zone start for each node
[    0.000000] Early memory node ranges
[    0.000000]   node   0: [mem 0x0000000000001000-0x000000000009efff]
[    0.000000]   node   0: [mem 0x0000000000100000-0x000000000ffeffff]
[    0.000000] Reserved but unavailable: 98 pages
[    0.000000] Initmem setup node 0 [mem 0x0000000000001000-0x000000000ffeffff]
[    0.000000] ACPI: PM-Timer IO Port: 0x4008
[    0.000000] IOAPIC[0]: apic_id 1, version 32, address 0xfec00000, GSI 0-23
[    0.000000] ACPI: INT_SRC_OVR (bus 0 bus_irq 0 global_irq 2 dfl dfl)
[    0.000000] ACPI: INT_SRC_OVR (bus 0 bus_irq 9 global_irq 9 high level)
[    0.000000] Using ACPI (MADT) for SMP configuration information
[    0.000000] smpboot: Allowing 1 CPUs, 0 hotplug CPUs
[    0.000000] PM: Registered nosave memory: [mem 0x00000000-0x00000fff]
[    0.000000] PM: Registered nosave memory: [mem 0x0009f000-0x0009ffff]
[    0.000000] PM: Registered nosave memory: [mem 0x000a0000-0x000effff]
[    0.000000] PM: Registered nosave memory: [mem 0x000f0000-0x000fffff]
[    0.000000] e820: [mem 0x10000000-0xfebfffff] available for PCI devices
[    0.000000] Booting paravirtualized kernel on KVM
[    0.000000] clocksource: refined-jiffies: mask: 0xffffffff max_cycles: 0xffffffff, max_idle_ns: 7645519600211568 ns
[    0.000000] random: get_random_bytes called from start_kernel+0x99/0x4fd with crng_init=0
[    0.000000] setup_percpu: NR_CPUS:8192 nr_cpumask_bits:1 nr_cpu_ids:1 nr_node_ids:1
[    0.000000] percpu: Embedded 46 pages/cpu s151552 r8192 d28672 u2097152
[    0.000000] PV qspinlock hash table entries: 256 (order: 0, 4096 bytes)
[    0.000000] Built 1 zonelists, mobility grouping on.  Total pages: 64377
[    0.000000] Policy zone: DMA32
[    0.000000] Kernel command line: BOOT_IMAGE=/boot/vmlinuz-4.15.0-64-generic root=LABEL=cloudimg-rootfs ro console=tty1 console=ttyS0
[    0.000000] Memory: 209476K/261688K available (12300K kernel code, 2481K rwdata, 4172K rodata, 2436K init, 2384K bss, 52212K reserved, 0K cma-reserved)
[    0.000000] SLUB: HWalign=64, Order=0-3, MinObjects=0, CPUs=1, Nodes=1
[    0.000000] Kernel/User page tables isolation: enabled
[    0.000000] ftrace: allocating 39306 entries in 154 pages
[    0.004000] Hierarchical RCU implementation.
[    0.004000] 	RCU restricting CPUs from NR_CPUS=8192 to nr_cpu_ids=1.
[    0.004000] 	Tasks RCU enabled.
[    0.004000] RCU: Adjusting geometry for rcu_fanout_leaf=16, nr_cpu_ids=1
[    0.004000] NR_IRQS: 524544, nr_irqs: 256, preallocated irqs: 16
[    0.004000] Console: colour VGA+ 80x25
[    0.004000] console [tty1] enabled
[    0.004000] console [ttyS0] enabled
[    0.004000] ACPI: Core revision 20170831
[    0.004000] ACPI: 2 ACPI AML tables successfully acquired and loaded
[    0.004000] APIC: Switch to symmetric I/O mode setup
[    0.004706] x2apic enabled
[    0.008024] Switched APIC routing to physical x2apic.
[    0.016000] ..TIMER: vector=0x30 apic1=0 pin1=2 apic2=-1 pin2=-1
[    0.016008] tsc: Detected 2394.458 MHz processor
[    0.020017] Calibrating delay loop (skipped) preset value.. 4788.91 BogoMIPS (lpj=9577832)
[    0.024009] pid_max: default: 32768 minimum: 301
[    0.028088] Security Framework initialized
[    0.032010] Yama: becoming mindful.
[    0.036066] AppArmor: AppArmor initialized
[    0.038435] Dentry cache hash table entries: 32768 (order: 6, 262144 bytes)
[    0.040081] Inode-cache hash table entries: 16384 (order: 5, 131072 bytes)
[    0.044046] Mount-cache hash table entries: 512 (order: 0, 4096 bytes)
[    0.048021] Mountpoint-cache hash table entries: 512 (order: 0, 4096 bytes)
[    0.052765] process: using mwait in idle threads
[    0.056022] Last level iTLB entries: 4KB 1024, 2MB 1024, 4MB 1024
[    0.060012] Last level dTLB entries: 4KB 1024, 2MB 1024, 4MB 1024, 1GB 4
[    0.064010] Spectre V1 : Mitigation: usercopy/swapgs barriers and __user pointer sanitization
[    0.068010] Spectre V2 : Mitigation: Full generic retpoline
[    0.072007] Spectre V2 : Spectre v2 / SpectreRSB mitigation: Filling RSB on context switch
[    0.076009] Speculative Store Bypass: Vulnerable
[    0.080103] MDS: Vulnerable: Clear CPU buffers attempted, no microcode
[    0.113750] Freeing SMP alternatives memory: 36K
[    0.124000] smpboot: CPU0: Intel(R) Core(TM) i5-4210U CPU @ 1.70GHz (family: 0x6, model: 0x45, stepping: 0x1)
[    0.124150] Performance Events: unsupported p6 CPU model 69 no PMU driver, software events only.
[    0.128111] Hierarchical SRCU implementation.
[    0.136226] NMI watchdog: Perf event create on CPU 0 failed with -2
[    0.140008] NMI watchdog: Perf NMI watchdog permanently disabled
[    0.144179] smp: Bringing up secondary CPUs ...
[    0.148014] smp: Brought up 1 node, 1 CPU
[    0.152012] smpboot: Max logical packages: 1
[    0.154067] smpboot: Total of 1 processors activated (4788.91 BogoMIPS)
[    0.156273] devtmpfs: initialized
[    0.160190] x86/mm: Memory block size: 128MB
[    0.164554] evm: security.selinux
[    0.168017] evm: security.SMACK64
[    0.172009] evm: security.SMACK64EXEC
[    0.176005] evm: security.SMACK64TRANSMUTE
[    0.180016] evm: security.SMACK64MMAP
[    0.184008] evm: security.apparmor
[    0.188010] evm: security.ima
[    0.192007] evm: security.capability
[    0.196366] clocksource: jiffies: mask: 0xffffffff max_cycles: 0xffffffff, max_idle_ns: 7645041785100000 ns
[    0.200031] futex hash table entries: 256 (order: 2, 16384 bytes)
[    0.204102] pinctrl core: initialized pinctrl subsystem
[    0.208233] RTC time: 18:39:22, date: 10/16/19
[    0.212262] NET: Registered protocol family 16
[    0.220282] audit: initializing netlink subsys (disabled)
[    0.224382] cpuidle: using governor ladder
[    0.228018] audit: type=2000 audit(1571251168.814:1): state=initialized audit_enabled=0 res=1
[    0.232018] cpuidle: using governor menu
[    0.236187] ACPI: bus type PCI registered
[    0.240010] acpiphp: ACPI Hot Plug PCI Controller Driver version: 0.5
[    0.248065] PCI: Using configuration type 1 for base access
[    0.261273] HugeTLB registered 2.00 MiB page size, pre-allocated 0 pages
[    0.264554] ACPI: Added _OSI(Module Device)
[    0.268036] ACPI: Added _OSI(Processor Device)
[    0.272026] ACPI: Added _OSI(3.0 _SCP Extensions)
[    0.276028] ACPI: Added _OSI(Processor Aggregator Device)
[    0.280061] ACPI: Added _OSI(Linux-Dell-Video)
[    0.284013] ACPI: Added _OSI(Linux-Lenovo-NV-HDMI-Audio)
[    0.288026] ACPI: Added _OSI(Linux-HPI-Hybrid-Graphics)
[    0.292889] ACPI: Executed 1 blocks of module-level executable AML code
[    0.313188] ACPI: Interpreter enabled
[    0.316054] ACPI: (supports S0 S5)
[    0.320005] ACPI: Using IOAPIC for interrupt routing
[    0.325299] PCI: Using host bridge windows from ACPI; if necessary, use "pci=nocrs" and report a bug
[    0.328520] ACPI: Enabled 2 GPEs in block 00 to 07
[    0.360080] ACPI: PCI Root Bridge [PCI0] (domain 0000 [bus 00-ff])
[    0.364086] acpi PNP0A03:00: _OSC: OS supports [ASPM ClockPM Segments MSI]
[    0.368128] acpi PNP0A03:00: _OSC: not requesting OS control; OS requires [ExtendedConfig ASPM ClockPM MSI]
[    0.372066] acpi PNP0A03:00: fail to add MMCONFIG information, can't access extended PCI configuration space under this bridge.
[    0.382432] PCI host bridge to bus 0000:00
[    0.384016] pci_bus 0000:00: root bus resource [io  0x0000-0x0cf7 window]
[    0.388018] pci_bus 0000:00: root bus resource [io  0x0d00-0xffff window]
[    0.392018] pci_bus 0000:00: root bus resource [mem 0x000a0000-0x000bffff window]
[    0.396016] pci_bus 0000:00: root bus resource [mem 0x10000000-0xffdfffff window]
[    0.400015] pci_bus 0000:00: root bus resource [bus 00-ff]
[    0.411554] pci 0000:00:01.1: legacy IDE quirk: reg 0x10: [io  0x01f0-0x01f7]
[    0.412007] pci 0000:00:01.1: legacy IDE quirk: reg 0x14: [io  0x03f6]
[    0.414484] pci 0000:00:01.1: legacy IDE quirk: reg 0x18: [io  0x0170-0x0177]
[    0.416012] pci 0000:00:01.1: legacy IDE quirk: reg 0x1c: [io  0x0376]
[    0.445728] pci 0000:00:07.0: quirk: [io  0x4000-0x403f] claimed by PIIX4 ACPI
[    0.448038] pci 0000:00:07.0: quirk: [io  0x4100-0x410f] claimed by PIIX4 SMB
[    0.468948] ACPI: PCI Interrupt Link [LNKA] (IRQs 5 9 10 *11)
[    0.476876] ACPI: PCI Interrupt Link [LNKB] (IRQs 5 9 10 *11)
[    0.480697] ACPI: PCI Interrupt Link [LNKC] (IRQs 5 9 *10 11)
[    0.488343] ACPI: PCI Interrupt Link [LNKD] (IRQs 5 *9 10 11)
[    0.491449] SCSI subsystem initialized
[    0.496362] pci 0000:00:02.0: vgaarb: setting as boot VGA device
[    0.500000] pci 0000:00:02.0: vgaarb: VGA device added: decodes=io+mem,owns=io+mem,locks=none
[    0.500015] pci 0000:00:02.0: vgaarb: bridge control possible
[    0.504008] vgaarb: loaded
[    0.508094] ACPI: bus type USB registered
[    0.509648] usbcore: registered new interface driver usbfs
[    0.512027] usbcore: registered new interface driver hub
[    0.516047] usbcore: registered new device driver usb
[    0.520175] EDAC MC: Ver: 3.0.0
[    0.524670] PCI: Using ACPI for IRQ routing
[    0.528662] NetLabel: Initializing
[    0.532009] NetLabel:  domain hash size = 128
[    0.536021] NetLabel:  protocols = UNLABELED CIPSOv4 CALIPSO
[    0.540059] NetLabel:  unlabeled traffic allowed by default
[    0.544305] clocksource: Switched to clocksource kvm-clock
[    0.617660] VFS: Disk quotas dquot_6.6.0
[    0.628327] VFS: Dquot-cache hash table entries: 512 (order 0, 4096 bytes)
[    0.653974] AppArmor: AppArmor Filesystem Enabled
[    0.674554] pnp: PnP ACPI init
[    0.692930] pnp: PnP ACPI: found 3 devices
[    0.723869] clocksource: acpi_pm: mask: 0xffffff max_cycles: 0xffffff, max_idle_ns: 2085701024 ns
[    0.748088] NET: Registered protocol family 2
[    0.753325] TCP established hash table entries: 2048 (order: 2, 16384 bytes)
[    0.758192] TCP bind hash table entries: 2048 (order: 3, 32768 bytes)
[    0.789554] TCP: Hash tables configured (established 2048 bind 2048)
[    0.811865] UDP hash table entries: 256 (order: 1, 8192 bytes)
[    0.831194] UDP-Lite hash table entries: 256 (order: 1, 8192 bytes)
[    0.852670] NET: Registered protocol family 1
[    0.873044] pci 0000:00:00.0: Limiting direct PCI/PCI transfers
[    0.893965] pci 0000:00:01.0: Activating ISA DMA hang workarounds
[    0.930154] pci 0000:00:02.0: Video device with shadowed ROM at [mem 0x000c0000-0x000dffff]
[    0.983817] Unpacking initramfs...
[    1.951990] Freeing initrd memory: 19148K
[    1.961626] clocksource: tsc: mask: 0xffffffffffffffff max_cycles: 0x2283c44026a, max_idle_ns: 440795260713 ns
[    1.997212] platform rtc_cmos: registered platform RTC device (no PNP device found)
[    2.031159] Scanning for low memory corruption every 60 seconds
[    2.051260] Initialise system trusted keyrings
[    2.053044] Key type blacklist registered
[    2.054658] workingset: timestamp_bits=36 max_order=16 bucket_order=0
[    2.084209] zbud: loaded
[    2.094488] squashfs: version 4.0 (2009/01/31) Phillip Lougher
[    2.099496] fuse init (API version 7.26)
[    2.109430] Key type asymmetric registered
[    2.113491] Asymmetric key parser 'x509' registered
[    2.115299] Block layer SCSI generic (bsg) driver version 0.4 loaded (major 246)
[    2.128333] io scheduler noop registered
[    2.138249] io scheduler deadline registered
[    2.151703] io scheduler cfq registered (default)
[    2.159146] ACPI: AC Adapter [AC] (on-line)
[    2.169246] input: Power Button as /devices/LNXSYSTM:00/LNXPWRBN:00/input/input0
[    2.171901] ACPI: Power Button [PWRF]
[    2.182354] input: Sleep Button as /devices/LNXSYSTM:00/LNXSLPBN:00/input/input1
[    2.191165] ACPI: Sleep Button [SLPF]
[    2.202737] ACPI: Battery Slot [BAT0] (battery present)
[    2.206153] Serial: 8250/16550 driver, 32 ports, IRQ sharing enabled
ÿ[    2.246842] 00:02: ttyS0 at I/O 0x3f8 (irq = 4, base_baud = 115200) is a 16550A
[    2.262201] Linux agpgart interface v0.103
[    2.297202] loop: module loaded
[    2.321625] scsi host0: ata_piix
[    2.327420] scsi host1: ata_piix
[    2.339566] ata1: PATA max UDMA/33 cmd 0x1f0 ctl 0x3f6 bmdma 0xd000 irq 14
[    2.346641] ata2: PATA max UDMA/33 cmd 0x170 ctl 0x376 bmdma 0xd008 irq 15
[    2.351681] libphy: Fixed MDIO Bus: probed
[    2.355630] tun: Universal TUN/TAP device driver, 1.6
[    2.368481] PPP generic driver version 2.4.2
[    2.372296] ehci_hcd: USB 2.0 'Enhanced' Host Controller (EHCI) Driver
[    2.380728] ehci-pci: EHCI PCI platform driver
[    2.384105] ehci-platform: EHCI generic platform driver
[    2.402927] ohci_hcd: USB 1.1 'Open' Host Controller (OHCI) Driver
[    2.405927] ohci-pci: OHCI PCI platform driver
[    2.411227] ohci-pci 0000:00:06.0: OHCI PCI host controller
[    2.415767] ohci-pci 0000:00:06.0: new USB bus registered, assigned bus number 1
[    2.423739] ohci-pci 0000:00:06.0: irq 22, io mem 0xf0804000
[    2.497756] usb usb1: New USB device found, idVendor=1d6b, idProduct=0001
[    2.527489] usb usb1: New USB device strings: Mfr=3, Product=2, SerialNumber=1
[    2.578819] usb usb1: Product: OHCI PCI host controller
[    2.596076] usb usb1: Manufacturer: Linux 4.15.0-64-generic ohci_hcd
[    2.638316] usb usb1: SerialNumber: 0000:00:06.0
[    2.661458] hub 1-0:1.0: USB hub found
[    2.672062] hub 1-0:1.0: 12 ports detected
[    2.693361] ohci-platform: OHCI generic platform driver
[    2.712029] uhci_hcd: USB Universal Host Controller Interface driver
[    2.715821] i8042: PNP: PS/2 Controller [PNP0303:PS2K,PNP0f03:PS2M] at 0x60,0x64 irq 1,12
[    2.723664] serio: i8042 KBD port at 0x60,0x64 irq 1
[    2.742327] serio: i8042 AUX port at 0x60,0x64 irq 12
[    2.746992] mousedev: PS/2 mouse device common for all mice
[    2.751517] input: AT Translated Set 2 keyboard as /devices/platform/i8042/serio0/input/input2
[    2.759185] rtc_cmos rtc_cmos: rtc core: registered rtc_cmos as rtc0
[    2.782992] rtc_cmos rtc_cmos: alarms up to one day, 114 bytes nvram
[    2.804427] i2c /dev entries driver
[    2.812726] device-mapper: uevent: version 1.0.3
[    2.847482] device-mapper: ioctl: 4.37.0-ioctl (2017-09-20) initialised: dm-devel@redhat.com
[    2.868577] ledtrig-cpu: registered to indicate activity on CPUs
[    2.874241] NET: Registered protocol family 10
[    2.884206] Segment Routing with IPv6
[    2.895269] NET: Registered protocol family 17
[    2.915720] Key type dns_resolver registered
[    2.934992] mce: Using 0 MCE banks
[    2.945662] RAS: Correctable Errors collector initialized.
[    2.948201] sched_clock: Marking stable (2945584454, 0)->(4824188470, -1878604016)
[    2.972956] registered taskstats version 1
[    2.981346] Loading compiled-in X.509 certificates
[    2.987746] Loaded X.509 cert 'Build time autogenerated kernel key: 9ff85db0b1f72c0c954e4d2eaca5a9366845820b'
[    3.008067] zswap: loaded using pool lzo/zbud
[    3.035472] Key type big_key registered
[    3.049450] Key type trusted registered
[    3.063778] Key type encrypted registered
[    3.067317] AppArmor: AppArmor sha1 policy hashing enabled
[    3.099919] ima: No TPM chip found, activating TPM-bypass! (rc=-19)
[    3.121607] ima: Allocated hash algorithm: sha1
[    3.123276] evm: HMAC attrs: 0x1
[    3.125111]   Magic number: 7:270:696
[    3.126614] rtc_cmos rtc_cmos: setting system clock to 2019-10-16 18:39:26 UTC (1571251166)
[    3.135223] BIOS EDD facility v0.16 2004-Jun-25, 0 devices found
[    3.137266] EDD information not available.
[    3.153084] Freeing unused kernel image memory: 2436K
[    3.168841] Write protecting the kernel read-only data: 20480k
[    3.197300] Freeing unused kernel image memory: 2008K
[    3.214843] Freeing unused kernel image memory: 1972K
[    3.269553] x86/mm: Checked W+X mappings: passed, no W+X pages found.
[    3.274407] x86/mm: Checking user space page tables
[    3.333186] x86/mm: Checked W+X mappings: passed, no W+X pages found.
Loading, please wait...
starting version 237
[    3.656075] Fusion MPT base driver 3.04.20
[    3.672951] Copyright (c) 1999-2008 LSI Corporation
[    3.697982] e1000: Intel(R) PRO/1000 Network Driver - version 7.3.21-k8-NAPI
[    3.701754] e1000: Copyright (c) 1999-2006 Intel Corporation.
[    3.818933] AVX version of gcm_enc/dec engaged.
[    3.832068] AES CTR mode by8 optimization enabled
[    3.890037] Fusion MPT SPI Host driver 3.04.20
[    3.932555] input: ImExPS/2 Generic Explorer Mouse as /devices/platform/i8042/serio1/input/input4
[    4.379315] e1000 0000:00:03.0 eth0: (PCI:33MHz:32-bit) 02:50:d4:3b:43:74
[    4.428165] e1000 0000:00:03.0 eth0: Intel(R) PRO/1000 Network Connection
[    4.450974] mptbase: ioc0: Initiating bringup
[    4.576899] ioc0: LSI53C1030 A0: Capabilities={Initiator}
[    4.822977] scsi host2: ioc0: LSI53C1030 A0, FwRev=00000000h, Ports=1, MaxQ=256, IRQ=20
[    5.025353] scsi 2:0:0:0: Direct-Access     VBOX     HARDDISK         1.0  PQ: 0 ANSI: 5
[    5.082286] scsi target2:0:0: Beginning Domain Validation
[    5.110900] random: fast init done
[    5.181035] scsi target2:0:0: Domain Validation skipping write tests
[    5.214611] scsi target2:0:0: Ending Domain Validation
[    5.272408] scsi target2:0:0: asynchronous
[    5.347435] scsi 2:0:1:0: Direct-Access     VBOX     HARDDISK         1.0  PQ: 0 ANSI: 5
[    5.437330] scsi target2:0:1: Beginning Domain Validation
[    5.523257] scsi target2:0:1: Domain Validation skipping write tests
[    5.542214] scsi target2:0:1: Ending Domain Validation
[    5.637186] scsi target2:0:1: asynchronous
[    5.772524] random: systemd-udevd: uninitialized urandom read (16 bytes read)
[    5.780533] sd 2:0:0:0: [sda] 20971520 512-byte logical blocks: (10.7 GB/10.0 GiB)
[    5.785767] sd 2:0:0:0: Attached scsi generic sg0 type 0
[    5.788501] sd 2:0:0:0: [sda] Write Protect is off
[    5.793782] sd 2:0:1:0: Attached scsi generic sg1 type 0
[    5.798587] random: systemd-udevd: uninitialized urandom read (16 bytes read)
[    5.819583] sd 2:0:0:0: [sda] Incomplete mode parameter data
[    5.823797] sd 2:0:0:0: [sda] Assuming drive cache: write through
[    5.835835] sd 2:0:1:0: [sdb] 20480 512-byte logical blocks: (10.5 MB/10.0 MiB)
[    5.839070] sd 2:0:1:0: [sdb] Write Protect is off
[    5.847025] sd 2:0:1:0: [sdb] Incomplete mode parameter data
[    5.850299] sd 2:0:1:0: [sdb] Assuming drive cache: write through
[    5.855072] random: systemd-udevd: uninitialized urandom read (16 bytes read)
[    5.870749] e1000 0000:00:08.0 eth1: (PCI:33MHz:32-bit) 08:00:27:bd:ca:51
[    5.879267] e1000 0000:00:08.0 eth1: Intel(R) PRO/1000 Network Connection
[    5.883919] e1000 0000:00:08.0 enp0s8: renamed from eth1
[    5.888489]  sda: sda1
[    5.890451] sd 2:0:0:0: [sda] Attached SCSI disk
[    5.907406] e1000 0000:00:03.0 enp0s3: renamed from eth0
[    5.935680] sd 2:0:1:0: [sdb] Attached SCSI disk
Begin: Loading essential drivers ... [    8.392041] raid6: sse2x1   gen()  1800 MB/s
[    8.448864] raid6: sse2x1   xor()  1313 MB/s
[    8.516063] raid6: sse2x2   gen()  4233 MB/s
[    8.572345] raid6: sse2x2   xor()  2205 MB/s
[    8.632357] raid6: sse2x4   gen()  4885 MB/s
[    8.696362] raid6: sse2x4   xor()  2838 MB/s
[    8.712254] raid6: using algorithm sse2x4 gen() 4885 MB/s
[    8.726451] raid6: .... xor() 2838 MB/s, rmw enabled
[    8.730606] raid6: using ssse3x2 recovery algorithm
[    8.736712] xor: automatically using best checksumming function   avx       
[    8.770646] async_tx: api initialized (async)
done.
Begin: Running /scripts/init-premount ... done.
Begin: Mounting root file system ... Begin: Running /scripts/local-top ... done.
Begin: Running /scripts/local-premount ... [    8.958689] Btrfs loaded, crc32c=crc32c-intel
Scanning for Btrfs filesystems
done.
Warning: fsck not present, so skipping root file system
[    9.160743] EXT4-fs (sda1): mounted filesystem with ordered data mode. Opts: (null)
done.
Begin: Running /scripts/local-bottom ... done.
Begin: Running /scripts/init-bottom ... done.
[   10.952244] random: crng init done
[   10.969870] random: 7 urandom warning(s) missed due to ratelimiting
[   11.178898] ip_tables: (C) 2000-2006 Netfilter Core Team
[   11.465577] systemd[1]: systemd 237 running in system mode. (+PAM +AUDIT +SELINUX +IMA +APPARMOR +SMACK +SYSVINIT +UTMP +LIBCRYPTSETUP +GCRYPT +GNUTLS +ACL +XZ +LZ4 +SECCOMP +BLKID +ELFUTILS +KMOD -IDN2 +IDN -PCRE2 default-hierarchy=hybrid)
[   11.527877] systemd[1]: Detected virtualization oracle.
[   11.551756] systemd[1]: Detected architecture x86-64.

Welcome to [1mUbuntu 18.04.3 LTS[0m!

[   11.663968] systemd[1]: Set hostname to <host-c>.
[   15.859635] systemd[1]: Started Forward Password Requests to Wall Directory Watch.
[[0;32m  OK  [0m] Started Forward Password Requests to Wall Directory Watch.
[   15.880884] systemd[1]: Reached target System Time Synchronized.
[[0;32m  OK  [0m] Reached target System Time Synchronized.
[   15.897600] systemd[1]: Set up automount Arbitrary Executable File Formats File System Automount Point.
[[0;32m  OK  [0m] Set up automount Arbitrary Executabâ€¦rmats File System Automount Point.
[   15.910766] systemd[1]: Created slice System Slice.
[[0;32m  OK  [0m] Created slice System Slice.
[   15.918760] systemd[1]: Listening on Device-mapper event daemon FIFOs.
[[0;32m  OK  [0m] Listening on Device-mapper event daemon FIFOs.
[   15.926845] systemd[1]: Created slice system-serial\x2dgetty.slice.
[[0;32m  OK  [0m] Created slice system-serial\x2dgetty.slice.
[[0;32m  OK  [0m] Listening on /dev/initctl Compatibility Named Pipe.
[[0;32m  OK  [0m] Listening on Journal Socket.
         Starting Load Kernel Modules...
         Starting Set the console keyboard layout...
[[0;32m  OK  [0m] Listening on udev Control Socket.
         Mounting POSIX Message Queue File System...
         Starting Uncomplicated firewall...
[[0;32m  OK  [0m] Listening on udev Kernel Socket.
         Mounting Huge Pages File System...
[   16.135488] Loading iSCSI transport class v2.0-870.
         Mounting Kernel Debug File System...
         Starting Remount Root and Kernel File Systems...
[[0;32m  OK  [0m] Listening on Network Service Netlink Socket.
[[0;32m  OK  [0m] Created slice User and Session Slice.
[[0;32m  OK  [0m] Reached target Slices.
[[0;32m  OK  [0m] Listening on Syslog Socket.
[[0;32m  OK  [0m] Listening on Journal Audit Socket.
[   16.306273] iscsi: registered transport (tcp)
[[0;32m  OK  [0m] Listening on LVM2 poll daemon socket.
[[0;32m  OK  [0m] Reached target Swap.
         Starting Create list of required[   16.415021] EXT4-fs (sda1): re-mounted. Opts: (null)
 stâ€¦ce nodes for the current kernel...
[   16.500136] systemd[1]: Reached target User and Group Name Lookups.
[[0;32m  OK  [0m] Reached target User and Group Name Lookups.
[   16.592945] systemd[1]: Listening on LVM2 metadata daemon socket.
[[0;32m  OK  [0m] Listening on LVM2 metadata daemon socket.
[   16.654173] systemd[1]: Starting Monitoring of LVM2 mirrors, snapshots etc. using dmeventd or progress polling...
         Starting Monitoring of LVM2 mirrorsâ€¦ng dmeventd or progress polling...
[   17.001942] systemd[1]: Starting udev Coldplug all Devices...
         Starting udev Coldplug all Devices...
[   17.020930] systemd[1]: Listening on Journal Socket (/dev/log).
[[0;32m  OK  [0m] Listening on Journal Socket (/dev/log).
[   17.034852] systemd[1]: Starting Journal Service...
[   17.056357] iscsi: registered transport (iser)
         Starting Journal Service...
[   17.079685] systemd[1]: Mounted POSIX Message Queue File System.
[[0;32m  OK  [0m] Mounted POSIX Message Queue File System.
[   17.092097] systemd[1]: Started Uncomplicated firewall.
[[0;32m  OK  [0m] Started Uncomplicated firewall.
[   17.125933] systemd[1]: Mounted Huge Pages File System.
[[0;32m  OK  [0m] Mounted Huge Pages File System.
[   17.142064] systemd[1]: Mounted Kernel Debug File System.
[[0;32m  OK  [0m] Mounted Kernel Debug File System.
[[0;32m  OK  [0m] Started Remount Root and Kernel File Systems.
[[0;32m  OK  [0m] Started Create list of required staâ€¦vice nodes for the current kernel.
         Starting Create Static Device Nodes in /dev...
[   17.204781] arp_tables: arp_tables: (C) 2002 David S. Miller
         Starting Load/Save Random Seed...
[[0;32m  OK  [0m] Started LVM2 metadata daemon.
[[0;32m  OK  [0[   17.587077] bridge: filtering via arp/ip/ip6tables is no longer available by default. Update your scripts to load br_netfilter if you need this.
m] Started udev Coldplug all Devices.
[[0;32m  OK  [0m] Started Set the console keyboard layout.
[[0;32m  OK  [0m] Started Load/Save Random Seed.
[[0;32m  OK  [0m] Started Journal Service.
         Starting Flush Journal to Persistent Storage...
[   17.900761] Bridge firewalling registered
[[0;32m  OK  [0m] Started Create Static Device Nodes in /dev.
[   18.057247] systemd-journald[392]: Received request to flush runtime journal from PID 1
         Starting udev Kernel Device Manager...
[   18.117282] ip6_tables: (C) 2000-2006 Netfilter Core Team
[[0;32m  OK  [0m] Started Load Kernel Modules.
         Mounting FUSE Control File System...
         Starting Apply Kernel Variables...
         Mounting Kernel Configuration File System...
[[0;32m  OK  [0m] Mounted FUSE Control File System.
[[0;32m  OK  [0m] Started Monitoring of LVM2 mirrors,â€¦sing dmeventd or progress polling.
[[0;32m  OK  [0m] Mounted Kernel Configuration File System.
[[0;32m  OK  [0m] Reached target Local File Systems (Pre).
[[0;32m  OK  [0m] Reached target Local File Systems.
         Starting ebtables ruleset management...
         Starting AppArmor initialization...
         Starting Tell Plymouth To Write Out Runtime Data...
         Starting Set console font and keymap...
         Mounting Mount unit for core, revision 7917...
         Mounting Mount unit for docker, revision 384...
[[0;32m  OK  [0m] Started Apply Kernel Variables.
[[0;32m  OK  [0m] Started Tell Plymouth To Write Out Runtime Data.
[[0;32m  OK  [0m] Started Set console font and keymap.
[[0;32m  OK  [0m] Mounted Mount unit for core, revision 7917.
[[0;32m  OK  [0m] Mounted Mount unit for docker, revision 384.
[[0;32m  OK  [0m] Started udev Kernel Device Manager.
[[0;32m  OK  [0m] Started Dispatch Password Requests to Console Directory Watch.
[[0;32m  OK  [0m] Reached target Local Encrypted Volumes.
[[0;32m  OK  [0m] Started ebtables ruleset management.
[[0;32m  OK  [0m] Started Flush Journal to Persistent Storage.
         Starting Create Volatile Files and Directories...
[[0;32m  OK  [0m] Found device /dev/ttyS0.
[[0;32m  OK  [0m] Started Create Volatile Files and Directories.
         Starting Update UTMP about System Boot/Shutdown...
[[0;32m  OK  [0m] Started Update UTMP about System Boot/Shutdown.
[[0;32m  OK  [0m] Listening on Load/Save RF Kill Switch Status /dev/rfkill Watch.
[[0;32m  OK  [0m] Started AppArmor initialization.
         Starting Initial cloud-init job (pre-networking)...
[   34.279836] cloud-init[544]: Cloud-init v. 19.2-24-ge7881d5c-0ubuntu1~18.04.1 running 'init-local' at Wed, 16 Oct 2019 18:39:56 +0000. Up 33.34 seconds.
[[0;32m  OK  [0m] Started Initial cloud-init job (pre-networking).
[[0;32m  OK  [0m] Reached target Network (Pre).
         Starting Network Service...
[[0;32m  OK  [0m] Started Network Service.
         Starting Wait for Network to be Configured...
         Starting Network Name Resolution...
[[0;32m  OK  [0m] Started Network Name Resolution.
[[0;32m  OK  [0m] Reached target Network.
[[0;32m  OK  [0m] Reached target Host and Network Name Lookups.
[[0;32m  OK  [0m] Started Wait for Network to be Configured.
         Starting Initial cloud-init job (metadata service crawler)...
[   38.794933] cloud-init[689]: Cloud-init v. 19.2-24-ge7881d5c-0ubuntu1~18.04.1 running 'init' at Wed, 16 Oct 2019 18:40:01 +0000. Up 37.97 seconds.
[   38.811014] cloud-init[689]: ci-info: ++++++++++++++++++++++++++++++++++++++Net device info+++++++++++++++++++++++++++++++++++++++
[   38.826102] cloud-init[689]: ci-info: +--------+-------+----------------------------+---------------+--------+-------------------+
[   38.845035] cloud-init[689]: ci-info: | Device |   Up  |          Address           |      Mask     | Scope  |     Hw-Address    |
[   38.864374] cloud-init[689]: ci-info: +--------+-------+----------------------------+---------------+--------+-------------------+
[   38.877109] cloud-init[689]: ci-info: | enp0s3 |  True |         10.0.2.15          | 255.255.255.0 | global | 02:50:d4:3b:43:74 |
[   38.928478] cloud-init[689]: ci-info: | enp0s3 |  True | fe80::50:d4ff:fe3b:4374/64 |       .       |  link  | 02:50:d4:3b:43:74 |
[   38.948201] cloud-init[689]: ci-info: | enp0s8 | False |             .              |       .       |   .    | 08:00:27:bd:ca:51 |
[   38.963763] cloud-init[689]: ci-info: |   lo   |  True |         127.0.0.1          |   255.0.0.0   |  host  |         .         |
[   38.975663] cloud-init[689]: ci-info: |   lo   |  True |          ::1/128           |       .       |  host  |         .         |
[   39.000689] cloud-init[689]: ci-info: +--------+-------+----------------------------+---------------+--------+-------------------+
[   39.030225] cloud-init[689]: ci-info: ++++++++++++++++++++++++++++Route IPv4 info+++++++++++++++++++++++++++++
[   39.040752] cloud-init[689]: ci-info: +-------+-------------+----------+-----------------+-----------+-------+
[   39.046653] cloud-init[689]: ci-info: | Route | Destination | Gateway  |     Genmask     | Interface | Flags |
[   39.056235] cloud-init[689]: ci-info: +-------+-------------+----------+-----------------+-----------+-------+
[   39.061493] cloud-init[689]: ci-info: |   0   |   0.0.0.0   | 10.0.2.2 |     0.0.0.0     |   enp0s3  |   UG  |
[   39.065950] cloud-init[689]: ci-info: |   1   |   10.0.2.0  | 0.0.0.0  |  255.255.255.0  |   enp0s3  |   U   |
[   39.082655] cloud-init[689]: ci-info: |   2   |   10.0.2.2  | 0.0.0.0  | 255.255.255.255 |   enp0s3  |   UH  |
[   39.094732] cloud-init[689]: ci-info: +-------+-------------+----------+-----------------+-----------+-------+
[   39.100296] cloud-init[689]: ci-info: +++++++++++++++++++Route IPv6 info+++++++++++++++++++
[   39.120884] cloud-init[689]: ci-info: +-------+-------------+---------+-----------+-------+
[   39.138371] cloud-init[689]: ci-info: | Route | Destination | Gateway | Interface | Flags |
[   39.142147] cloud-init[689]: ci-info: +-------+-------------+---------+-----------+-------+
[   39.160934] cloud-init[689]: ci-info: |   1   |  fe80::/64  |    ::   |   enp0s3  |   U   |
[   39.164138] cloud-init[689]: ci-info: |   3   |    local    |    ::   |   enp0s3  |   U   |
[   39.172838] cloud-init[689]: ci-info: |   4   |   ff00::/8  |    ::   |   enp0s3  |   U   |
[   39.178828] cloud-init[689]: ci-info: +-------+-------------+---------+-----------+-------+
[[0;32m  OK  [0m] Started Initial cloud-init job (metadata service crawler).
[[0;32m  OK  [0m] Reached target Cloud-config availability.
[[0;32m  OK  [0m] Reached target Network is Online.
         Starting Availability of block devices...
[[0;32m  OK  [0m] Reached target Remote File Systems (Pre).
[[0;32m  OK  [0m] Reached target Remote File Systems.
[[0;32m  OK  [0m] Reached target System Initialization.
         Starting LXD - unix socket.
[[0;32m  OK  [0m] Started Discard unused blocks once a week.
[[0;32m  OK  [0m] Started ACPI Events Check.
[[0;32m  OK  [0m] Listening on UUID daemon activation socket.
[[0;32m  OK  [0m] Reached target Paths.
[[0;32m  OK  [0m] Listening on D-Bus System Message Bus Socket.
[[0;32m  OK  [0m] Started Daily Cleanup of Temporary Directories.
[[0;32m  OK  [0m] Listening on ACPID Listen Socket.
[[0;32m  OK  [0m] Listening on Open-iSCSI iscsid Socket.
         Starting Socket activation for snappy daemon.
[[0;32m  OK  [0m] Started Message of the Day.
[[0;32m  OK  [0m] Started Daily apt download activities.
[[0;32m  OK  [0m] Started Daily apt upgrade and clean activities.
[[0;32m  OK  [0m] Reached target Timers.
[[0;32m  OK  [0m] Started Availability of block devices.
[[0;32m  OK  [0m] Listening on LXD - unix socket.
[[0;32m  OK  [0m] Listening on Socket activation for snappy daemon.
[[0;32m  OK  [0m] Reached target Sockets.
[[0;32m  OK  [0m] Reached target Basic System.
         Starting System Logging Service...
         Starting LSB: Record successful boot for GRUB...
[[0;32m  OK  [0m] Started Regular background program processing daemon.
[[0;32m  OK  [0m] Started Deferred execution scheduler.
         Starting Virtualbox guest utils...
         Starting Login Service...
[[0;32m  OK  [0m] Started irqbalance daemon.
[[0;32m  OK  [0m] Started Service for snap application docker.dockerd.
         Starting Dispatcher daemon for systemd-networkd...
         Starting Snappy daemon...
         Starting LSB: automatic crash report generation...
         Starting OpenBSD Secure Shell server...
[[0;32m  OK  [0m] Started D-Bus System Message Bus.
[[0;32m  OK  [0m] Started Login Service.
[[0;32m  OK  [0m] Started Unattended Upgrades Shutdown.
         Starting Permit User Sessions...
[[0;32m  OK  [0m] Started FUSE filesystem for LXC.
         Starting LXD - container startup/shutdown...
         Starting Accounts Service...
[[0;32m  OK  [0m] Started System Logging Service.
[[0;32m  OK  [0m] Started Permit User Sessions.
         Starting Terminate Plymouth Boot Screen...
         Starting Hold until boot process finishes up...
[[0;32m  OK  [0m] Started Hold until boot process finishes up.
[[0;32m  OK  [0m] Started Terminate Plymouth Boot Screen.
         Starting Set console scheme...
[[0;32m  OK  [0m] S         Stopping Session 6 of user vagrant.
         Stopping Authorization Manager...
[[0;32m  OK  [0m] Stopped target Timers.
[[0;32m  OK  [0m] Stopped Message of the Day.
[[0;32m  OK  [0m] Stopped target Host and Network Name Lookups.
[[0;32m  OK  [0m] Stopped target Cloud-init target.
[[0;32m  OK  [0m] Closed Load/Save RF Kill Switch Status /dev/[[0;32m         Stopping Availability of block devices...
         Stopping Authorization Manager...
[[0;32m  OK  [0m] Stopped target Cloud-init target.
[[0;32m  OK  [0m] Stopped Execute cloud user/final scripts.
         Stopping Session 5 of user vagrant.
[[0;32m  OK  [0m] Stopped target Timers.
[[0;32m  OK  [0m] Stopped Message of the Day.
[[0;32m  OK  [0m] Stopped Discard unused blocks once a week.
[[0;32m  OK  [0m] Stopped Daily apt upgrade and clean activities.
[[0;32m  OK  [0m] Stopped Daily apt download activities.
[[0;32m  OK  [0m] Stopped target System Time Synchronized.
[[0;32m  OK  [0m] Closed Load/Save RF Killt         Stopping Virtualbox guest utils...
         Stopping LSB: Record successful boot for GRUB...
         Stopping Dispatcher daemon for systemd-networkd...
         Stopping User Manager for UID 1000...
         Stopping LXD - container startup/shutdown...
[[0;32m  OK  [0m] Stopped Daily Cleanup of Temporary Directories.
[[0;32m  OK  [0m] Stopped target Host and Network Name Lookups.
[[0;32m  OK  [0m] Stopped Apply the settings specified in cloud-config.
[[0;32m  OK  [0m] Stopped target Cloud-config availability.
[[0;32m  OK  [0m] Stopped target Network is Online.
[[0;32m  OK  [0m] Stopped Wait until snapd is fully seeded.
[[0;32m  OK  [0m] Unmounted /var/lib/lxcfs.
[[0;32m  OK  [0m] Stopped System Logging Service.
[[0;32m  OK  [0m] Stopped Deferred execution scheduler.
[[0;32m  OK  [0m] Stopped Dispatcher daemon for systemd-networkd.
[[0;32m  OK  [0m] Stopped Regular background program processing daemon.
[[0;32m  OK  [0m] Stopped Accounts Service.
[[0;32m  OK  [0m] Stopped Unattended Upgrades Shutdown.
[[0;32m  OK  [0m] Stopped Serial Getty on ttyS0.
[[0;32m  OK  [0m] Stopped Getty on tty1.
[[0;32m  OK  [0m] Stopped Authorization Manager.
[[0;32m  OK  [0m] Stopped OpenBSD Secure Shell server.
[[0;32m  OK  [0m] Stopped User Manager for UID 1000.
[[0;32m  OK  [0m] Stopped D-Bus System Message Bus.
[[0;32m  OK  [0m] Stopped Session 5 of user vagrant.
[[0;32m  OK  [0m] Removed slice User Slice of vagrant.
[[0;32m  OK  [0m] Removed slice system-getty.slice.
         Stopping Permit User Sessions...
[[0;32m  OK  [0m] Removed slice system-serial\x2dgetty.slice.
         Stopping Login Service...
[[0;32m  OK  [0m] Stopped Login Service.
[[0;32m  OK  [0m] Stopped LXD - container startup/shutdown.
[[0;32m  OK  [0m] Stopped FUSE filesystem for LXC.
[[0;32m  OK  [0m] Stopped Permit User Sessions.
[[0;32m  OK  [0m] Stopped target Network.
         Stopping Network Name Resolution...
[[0;32m  OK  [0m] Stopped target User and Group Name Lookups.
[[0;32m  OK  [0m] Stopped Network Name Resolution.
[[0;32m  OK  [0m] Stopped Availability of block devices.
[[0;32m  OK  [0m] Stopped LSB: Record successful boot for GRUB.
[[0;32m  OK  [0m] Stopped LSB: automatic crash report generation.
[[0;32m  OK  [0m] Stopped target Remote File Systems.
[[0;32m  OK  [0m] Stopped target Remote File Systems (Pre).
[[0;32m  OK  [0m] Stopped Virtualbox guest utils.
[[0;32m  OK  [0m] Stopped target Basic System.
[[0;32m  OK  [0m] Stopped target Paths.
[[0;32m  OK  [0m] Stopped ACPI Events Check.
[[0;32m  OK  [0m] Stopped target Sockets.
[[0;32m  OK  [0m] Closed Syslog Socket.
[[0;32m  OK  [0m] Closed UUID daemon activation socket.
[[0;32m  OK  [0m] Closed Socket activation for snappy daemon.
[[0;32m  OK  [0m] Closed Open-iSCSI iscsid Socket.
[[0;32m  OK  [0m] Closed LXD - unix socket.
[[0;32m  OK  [0m] Closed D-Bus System Message Bus Socket.
[[0;32m  OK  [0m] Closed ACPID Listen Socket.
[[0;32m  OK  [0m] Stopped target Slices.
[[0;32m  OK  [0m] Removed slice User and Session Slice.
[[0;32m  OK  [0m] Stopped target System Initialization.
         Stopping Update UTMP about System Boot/Shutdown...
         Stopping Load/Save Random Seed...
[[0;32m  OK  [0m] Stopped target Local Encrypted Volumes.
[[0;32m  OK  [0m] Stopped Dispatch Password Requests to Console Directory Watch.
[[0;32m  OK  [0m] Stopped Forward Password Requests to Wall Directory Watch.
[[0;32m  OK  [0m] Stopped Initial cloud-init job (metadata service crawler).
[[0;32m  OK  [0m] Stopped Wait for Network to be Configured.
         Stopping Network Service...
[[0;32m  OK  [0m] Stopped Network Service.
[[0;32m  OK  [0m] Stopped target Network (Pre).
[[0;32m  OK  [0m] Stopped Initial cloud-init job (pre-networking).
[[0;32m  OK  [0m] Stopped Apply Kernel Variables.
[[0;32m  OK  [0m] Stopped Load Kernel Modules.
[[0;32m  OK  [0m] Stopped Update UTMP about System Boot/Shutdown.
[[0;32m  OK  [0m] Stopped Load/Save Random Seed.
[[0;32m  OK  [0m] Stopped Create Volatile Files and Directories.
[[0;32m  OK  [0m] Stopped target Local File Systems.
         Unmounting /run/user/1000...
         Unmounting /vagrant...
[[0;32m  OK  [0m] Unmounted /run/user/1000.
[[0;32m  OK  [0m] Unmounted /vagrant.
[[0;32m  OK  [0m] Reached target Unmount All Filesystems.
[[0;32m  OK  [0m] Stopped target Local File Systems (Pre).
[[0;32m  OK  [0m] Stopped Remount Root and Kernel File Systems.
         Stopping Monitoring of LVM2 mirrorsâ€¦ng dmeventd or progress polling...
[[0;32m  OK  [0m] Stopped Create Static Device Nodes in /dev.
[[0;32m  OK  [0m] Stopped target Swap.
[[0;32m  OK  [0m] Reached target Shutdown.
[[0;32m  OK  [0m] Reached target Final Step.
         Starting Power-Off...
[  950.434686] reboot: Power down
ed slice User and Session Slice.
[[0;32m  OK  [0m] Stopped target Paths.
[[0;32m  OK  [0m] Stopped ACPI Events Check.
[[0;32m  OK  [0m] Stopped target System Initialization.
         Stopping Load/Save Random Seed...
[[0;32m  OK  [0m] Stopped target Local Encrypted Volumes.
[[0;32m  OK  [0m] Stopped Dispatch Password Requests to Console Directory Watch.
[[0;32m  OK  [0m] Stopped Forward Password Requests to Wall Directory Watch.
         Stopping Update UTMP about System Boot/Shutdown...
[[0;32m  OK  [0m] Stopped Initial cloud-init job (metadata service crawler).
[[0;32m  OK  [0m] Stopped Wait for Network to be Configured.
         Stopping Network Service...
[[0;32m  OK  [0m] Stopped Network Service.
[[0;32m  OK  [0m] Stopped target Network (Pre).
[[0;32m  OK  [0m] Stopped Initial cloud-init job (pre-networking).
[[0;32m  OK  [0m] Stopped Apply Kernel Variables.
[[0;32m  OK  [0m] Stopped Load Kernel Modules.
[[0;32m  OK  [0m] Stopped Update UTMP about System Boot/Shutdown.
[[0;32m  OK  [0m] Stopped Create Volatile Files and Directories.
[[0;32m  OK  [0m] Stopped target Local File Systems.
         Unmounting /vagrant...
         Unmounting /run/user/1000...
[[0;32m  OK  [0m] Unmounted /run/user/1000.
[[0;32m  OK  [0m] Stopped target Swap.
[[0;32m  OK  [0m] Unmounted /vagrant.
[[0;32m  OK  [0m] Reached target Unmount All Filesystems.
[[0;32m  OK  [0m] Stopped target Local File Systems (Pre).
[[0;32m  OK  [0m] Stopped Create Static Device Nodes in /dev.
         Stopping Monitoring of LVM2 mirrorsâ€¦ng dmeventd or progress polling...
[[0;32m  OK  [0m] Stopped Load/Save Random Seed.
[[0;32m  OK  [0m] Stopped Remount Root and Kernel File Systems.
[[0;32m  OK  [0m] Reached target Shutdown.
[[0;32m  OK  [0m] Reached target Final Step.
         Starting Power-Off...
[  737.666258] reboot: Power down
m] Stopped target Network (Pre).
[[0;32m  OK  [0m] Stopped Initial cloud-init job (pre-networking).
[[0;32m  OK  [0m] Unmounted /run/snapd/ns/docker.mnt.
         Unmounting /run/snapd/ns...
[[0;32m  OK  [0m] Unmounted /run/snapd/ns.
[[0;32m  OK  [0m] Reached target Unmount All Filesystems.
[[0;32m  OK  [0m] Stopped target Swap.
[[0;32m  OK  [0m] Stopped target Local File Systems (Pre).
         Stopping Monitoring of LVM2 mirrorsâ€¦ng dmeventd or progress polling...
[[0;32m  OK  [0m] Stopped Remount Root and Kernel File Systems.
[[0;32m  OK  [0m] Stopped Create Static Device Nodes in /dev.
[[0;32m  OK  [0m] Reached target Shutdown.
[[0;32m  OK  [0m] Reached target Final Step.
         Starting Power-Off...
[  367.045941] reboot: Power down
